MPLINK 4.49, Linker
Linker Map File - Created Sun Nov 15 00:46:56 2020

                                 Section Info
                  Section       Type    Address   Location Size(Bytes)
                ---------  ---------  ---------  ---------  ---------
                   .org_0       code   0x000000    program   0x000000
                   .org_1       code   0x000000    program   0x000004
                   .org_2       code   0x000008    program   0x000002
                   .org_3       code   0x000018    program   0x00001e



                              Program Memory Usage 
                               Start         End      
                           ---------   ---------      
                            0x000000    0x000003      
                            0x000008    0x000009      
                            0x000018    0x000035      
            36 out of 33048 program addresses used, program memory utilization is 0%



                              Symbols - Sorted by Name
                     Name    Address   Location    Storage File                     
                ---------  ---------  ---------  --------- ---------                
                    CLEAR   0x000028    program     static C:\Users\HPuser\Documents\MIcro Assignment and quiz\Makeup Quiz ques. 9\MkupQuizQues9.asm
                INCREMENT   0x000032    program     static C:\Users\HPuser\Documents\MIcro Assignment and quiz\Makeup Quiz ques. 9\MkupQuizQues9.asm
                   TOGGLE   0x00002c    program     static C:\Users\HPuser\Documents\MIcro Assignment and quiz\Makeup Quiz ques. 9\MkupQuizQues9.asm
                    start   0x00001a    program     static C:\Users\HPuser\Documents\MIcro Assignment and quiz\Makeup Quiz ques. 9\MkupQuizQues9.asm



                              Symbols - Sorted by Address
                     Name    Address   Location    Storage File                     
                ---------  ---------  ---------  --------- ---------                
                    start   0x00001a    program     static C:\Users\HPuser\Documents\MIcro Assignment and quiz\Makeup Quiz ques. 9\MkupQuizQues9.asm
                    CLEAR   0x000028    program     static C:\Users\HPuser\Documents\MIcro Assignment and quiz\Makeup Quiz ques. 9\MkupQuizQues9.asm
                   TOGGLE   0x00002c    program     static C:\Users\HPuser\Documents\MIcro Assignment and quiz\Makeup Quiz ques. 9\MkupQuizQues9.asm
                INCREMENT   0x000032    program     static C:\Users\HPuser\Documents\MIcro Assignment and quiz\Makeup Quiz ques. 9\MkupQuizQues9.asm


